  aim.cpp
D:\SOURCE\Dexterio\Dexterion\util\Vectors.h(56,54): error C3083: 'numbers': the symbol to the left of a '::' must be a type
  (compiling source file 'features/aim.cpp')
  
D:\SOURCE\Dexterio\Dexterion\util\Vectors.h(56,63): error C2039: 'pi_v': is not a member of 'std'
  (compiling source file 'features/aim.cpp')
      C:\Program Files\Microsoft Visual Studio\2022\Community\VC\Tools\MSVC\14.44.35207\include\cmath(915,1):
      see declaration of 'std'
  
D:\SOURCE\Dexterio\Dexterion\util\Vectors.h(56,63): error C2065: 'pi_v': undeclared identifier
  (compiling source file 'features/aim.cpp')
  
D:\SOURCE\Dexterio\Dexterion\util\Vectors.h(56,68): error C2062: type 'float' unexpected
  (compiling source file 'features/aim.cpp')
  
D:\SOURCE\Dexterio\Dexterion\util\Vectors.h(57,38): error C3083: 'numbers': the symbol to the left of a '::' must be a type
  (compiling source file 'features/aim.cpp')
  
D:\SOURCE\Dexterio\Dexterion\util\Vectors.h(57,47): error C2039: 'pi_v': is not a member of 'std'
  (compiling source file 'features/aim.cpp')
      C:\Program Files\Microsoft Visual Studio\2022\Community\VC\Tools\MSVC\14.44.35207\include\cmath(915,1):
      see declaration of 'std'
  
D:\SOURCE\Dexterio\Dexterion\util\Vectors.h(53,27): error C3615: constexpr function 'Vector3::ToAngle' cannot result in a constant expression
  (compiling source file 'features/aim.cpp')
      D:\SOURCE\Dexterio\Dexterion\util\Vectors.h(53,27):
      failure was caused by control reaching the end of a constexpr function
  
D:\SOURCE\Dexterio\Dexterion\util\Vectors.h(60,2): error C2059: syntax error: '}'
  (compiling source file 'features/aim.cpp')
  
D:\SOURCE\Dexterio\Dexterion\util\Vectors.h(60,2): error C2143: syntax error: missing ';' before '}'
  (compiling source file 'features/aim.cpp')
  
C:\Program Files\Microsoft Visual Studio\2022\Community\VC\Tools\MSVC\14.44.35207\include\numbers(11): warning STL4038: The contents of <numbers> are available only with C++20 or later.
D:\SOURCE\Dexterio\Dexterion\util\MemMan.hpp(109,21): error C2664: 'int _wcsicmp(const wchar_t *,const wchar_t *)': cannot convert argument 2 from 'const char *' to 'const wchar_t *'
  (compiling source file 'features/aim.cpp')
      D:\SOURCE\Dexterio\Dexterion\util\MemMan.hpp(109,54):
      Types pointed to are unrelated; conversion requires reinterpret_cast, C-style cast or parenthesized function-style cast
      C:\Program Files (x86)\Windows Kits\10\Include\10.0.26100.0\ucrt\corecrt_wstring.h(304,37):
      see declaration of '_wcsicmp'
      D:\SOURCE\Dexterio\Dexterion\util\MemMan.hpp(109,21):
      while trying to match the argument list '(WCHAR [256], const char *)'
  
D:\SOURCE\Dexterio\Dexterion\util\utilFunctions.hpp(15,10): error C1083: Cannot open include file: 'tesseract/baseapi.h': No such file or directory
  (compiling source file 'features/aim.cpp')
  
  bomb.cpp
C:\Program Files\Microsoft Visual Studio\2022\Community\VC\Tools\MSVC\14.44.35207\include\numbers(11): warning STL4038: The contents of <numbers> are available only with C++20 or later.
D:\SOURCE\Dexterio\Dexterion\util\Vectors.h(56,54): error C3083: 'numbers': the symbol to the left of a '::' must be a type
  (compiling source file 'features/bomb.cpp')
  
D:\SOURCE\Dexterio\Dexterion\util\Vectors.h(56,63): error C2039: 'pi_v': is not a member of 'std'
  (compiling source file 'features/bomb.cpp')
      C:\Program Files\Microsoft Visual Studio\2022\Community\VC\Tools\MSVC\14.44.35207\include\cmath(915,1):
      see declaration of 'std'
  
D:\SOURCE\Dexterio\Dexterion\util\Vectors.h(56,63): error C2065: 'pi_v': undeclared identifier
  (compiling source file 'features/bomb.cpp')
  
D:\SOURCE\Dexterio\Dexterion\util\Vectors.h(56,68): error C2062: type 'float' unexpected
  (compiling source file 'features/bomb.cpp')
  
D:\SOURCE\Dexterio\Dexterion\util\Vectors.h(57,38): error C3083: 'numbers': the symbol to the left of a '::' must be a type
  (compiling source file 'features/bomb.cpp')
  
D:\SOURCE\Dexterio\Dexterion\util\Vectors.h(57,47): error C2039: 'pi_v': is not a member of 'std'
  (compiling source file 'features/bomb.cpp')
      C:\Program Files\Microsoft Visual Studio\2022\Community\VC\Tools\MSVC\14.44.35207\include\cmath(915,1):
      see declaration of 'std'
  
D:\SOURCE\Dexterio\Dexterion\util\Vectors.h(53,27): error C3615: constexpr function 'Vector3::ToAngle' cannot result in a constant expression
  (compiling source file 'features/bomb.cpp')
      D:\SOURCE\Dexterio\Dexterion\util\Vectors.h(53,27):
      failure was caused by control reaching the end of a constexpr function
  
D:\SOURCE\Dexterio\Dexterion\util\Vectors.h(60,2): error C2059: syntax error: '}'
  (compiling source file 'features/bomb.cpp')
  
D:\SOURCE\Dexterio\Dexterion\util\Vectors.h(60,2): error C2143: syntax error: missing ';' before '}'
  (compiling source file 'features/bomb.cpp')
  
D:\SOURCE\Dexterio\Dexterion\util\MemMan.hpp(109,21): error C2664: 'int _wcsicmp(const wchar_t *,const wchar_t *)': cannot convert argument 2 from 'const char *' to 'const wchar_t *'
  (compiling source file 'features/bomb.cpp')
      D:\SOURCE\Dexterio\Dexterion\util\MemMan.hpp(109,54):
      Types pointed to are unrelated; conversion requires reinterpret_cast, C-style cast or parenthesized function-style cast
      C:\Program Files (x86)\Windows Kits\10\Include\10.0.26100.0\ucrt\corecrt_wstring.h(304,37):
      see declaration of '_wcsicmp'
      D:\SOURCE\Dexterio\Dexterion\util\MemMan.hpp(109,21):
      while trying to match the argument list '(WCHAR [256], const char *)'
  
D:\SOURCE\Dexterio\Dexterion\util\utilFunctions.hpp(15,10): error C1083: Cannot open include file: 'tesseract/baseapi.h': No such file or directory
  (compiling source file 'features/bomb.cpp')
  
  entry.cpp
C:\Program Files\Microsoft Visual Studio\2022\Community\VC\Tools\MSVC\14.44.35207\include\format(42): warning STL4038: The contents of <format> are available only with C++20 or later.
D:\SOURCE\Dexterio\Dexterion\util\MemMan.hpp(109,21): error C2664: 'int _wcsicmp(const wchar_t *,const wchar_t *)': cannot convert argument 2 from 'const char *' to 'const wchar_t *'
  (compiling source file 'features/entry.cpp')
      D:\SOURCE\Dexterio\Dexterion\util\MemMan.hpp(109,54):
      Types pointed to are unrelated; conversion requires reinterpret_cast, C-style cast or parenthesized function-style cast
      C:\Program Files (x86)\Windows Kits\10\Include\10.0.26100.0\ucrt\corecrt_wstring.h(304,37):
      see declaration of '_wcsicmp'
      D:\SOURCE\Dexterio\Dexterion\util\MemMan.hpp(109,21):
      while trying to match the argument list '(WCHAR [256], const char *)'
  
D:\SOURCE\Dexterio\Dexterion\gui\menu.hpp(6,15): error C7525: inline variables require at least '/std:c++17'
  (compiling source file 'features/entry.cpp')
  
D:\SOURCE\Dexterio\Dexterion\gui\menu.hpp(7,15): error C7525: inline variables require at least '/std:c++17'
  (compiling source file 'features/entry.cpp')
  
D:\SOURCE\Dexterio\Dexterion\gui\menu.hpp(9,13): error C7525: inline variables require at least '/std:c++17'
  (compiling source file 'features/entry.cpp')
  
D:\SOURCE\Dexterio\Dexterion\gui\menu.hpp(11,15): error C7525: inline variables require at least '/std:c++17'
  (compiling source file 'features/entry.cpp')
  
D:\SOURCE\Dexterio\Dexterion\gui\menu.hpp(12,15): error C7525: inline variables require at least '/std:c++17'
  (compiling source file 'features/entry.cpp')
  
D:\SOURCE\Dexterio\Dexterion\gui\menu.hpp(13,15): error C7525: inline variables require at least '/std:c++17'
  (compiling source file 'features/entry.cpp')
  
D:\SOURCE\Dexterio\Dexterion\gui\menu.hpp(14,15): error C7525: inline variables require at least '/std:c++17'
  (compiling source file 'features/entry.cpp')
  
D:\SOURCE\Dexterio\Dexterion\gui\menu.hpp(15,15): error C7525: inline variables require at least '/std:c++17'
  (compiling source file 'features/entry.cpp')
  
D:\SOURCE\Dexterio\Dexterion\gui\menu.hpp(17,17): error C7525: inline variables require at least '/std:c++17'
  (compiling source file 'features/entry.cpp')
  
D:\SOURCE\Dexterio\Dexterion\gui\menu.hpp(18,17): error C7525: inline variables require at least '/std:c++17'
  (compiling source file 'features/entry.cpp')
  
D:\SOURCE\Dexterio\Dexterion\gui\menu.hpp(19,17): error C7525: inline variables require at least '/std:c++17'
  (compiling source file 'features/entry.cpp')
  
D:\SOURCE\Dexterio\Dexterion\gui\menu.hpp(20,17): error C7525: inline variables require at least '/std:c++17'
  (compiling source file 'features/entry.cpp')
  
D:\SOURCE\Dexterio\Dexterion\gui\menu.hpp(21,17): error C7525: inline variables require at least '/std:c++17'
  (compiling source file 'features/entry.cpp')
  
D:\SOURCE\Dexterio\Dexterion\gui\menu.hpp(22,17): error C7525: inline variables require at least '/std:c++17'
  (compiling source file 'features/entry.cpp')
  
C:\Program Files\Microsoft Visual Studio\2022\Community\VC\Tools\MSVC\14.44.35207\include\numbers(11): warning STL4038: The contents of <numbers> are available only with C++20 or later.
D:\SOURCE\Dexterio\Dexterion\util\Vectors.h(56,54): error C3083: 'numbers': the symbol to the left of a '::' must be a type
  (compiling source file 'features/entry.cpp')
  
D:\SOURCE\Dexterio\Dexterion\util\Vectors.h(56,63): error C2039: 'pi_v': is not a member of 'std'
  (compiling source file 'features/entry.cpp')
      C:\Program Files\Microsoft Visual Studio\2022\Community\VC\Tools\MSVC\14.44.35207\include\sstream(19,1):
      see declaration of 'std'
  
D:\SOURCE\Dexterio\Dexterion\util\Vectors.h(56,63): error C2065: 'pi_v': undeclared identifier
  (compiling source file 'features/entry.cpp')
  
D:\SOURCE\Dexterio\Dexterion\util\Vectors.h(56,68): error C2062: type 'float' unexpected
  (compiling source file 'features/entry.cpp')
  
D:\SOURCE\Dexterio\Dexterion\util\Vectors.h(57,38): error C3083: 'numbers': the symbol to the left of a '::' must be a type
  (compiling source file 'features/entry.cpp')
  
D:\SOURCE\Dexterio\Dexterion\util\Vectors.h(57,47): error C2039: 'pi_v': is not a member of 'std'
  (compiling source file 'features/entry.cpp')
      C:\Program Files\Microsoft Visual Studio\2022\Community\VC\Tools\MSVC\14.44.35207\include\sstream(19,1):
      see declaration of 'std'
  
D:\SOURCE\Dexterio\Dexterion\util\Vectors.h(53,27): error C3615: constexpr function 'Vector3::ToAngle' cannot result in a constant expression
  (compiling source file 'features/entry.cpp')
      D:\SOURCE\Dexterio\Dexterion\util\Vectors.h(53,27):
      failure was caused by control reaching the end of a constexpr function
  
D:\SOURCE\Dexterio\Dexterion\util\Vectors.h(60,2): error C2059: syntax error: '}'
  (compiling source file 'features/entry.cpp')
  
D:\SOURCE\Dexterio\Dexterion\util\Vectors.h(60,2): error C2143: syntax error: missing ';' before '}'
  (compiling source file 'features/entry.cpp')
  
D:\SOURCE\Dexterio\Dexterion\util\utilFunctions.hpp(15,10): error C1083: Cannot open include file: 'tesseract/baseapi.h': No such file or directory
  (compiling source file 'features/entry.cpp')
  
  esp.cpp
C:\Program Files\Microsoft Visual Studio\2022\Community\VC\Tools\MSVC\14.44.35207\include\format(42): warning STL4038: The contents of <format> are available only with C++20 or later.
D:\SOURCE\Dexterio\Dexterion\util\MemMan.hpp(109,21): error C2664: 'int _wcsicmp(const wchar_t *,const wchar_t *)': cannot convert argument 2 from 'const char *' to 'const wchar_t *'
  (compiling source file 'features/esp.cpp')
      D:\SOURCE\Dexterio\Dexterion\util\MemMan.hpp(109,54):
      Types pointed to are unrelated; conversion requires reinterpret_cast, C-style cast or parenthesized function-style cast
      C:\Program Files (x86)\Windows Kits\10\Include\10.0.26100.0\ucrt\corecrt_wstring.h(304,37):
      see declaration of '_wcsicmp'
      D:\SOURCE\Dexterio\Dexterion\util\MemMan.hpp(109,21):
      while trying to match the argument list '(WCHAR [256], const char *)'
  
D:\SOURCE\Dexterio\Dexterion\gui\menu.hpp(6,15): error C7525: inline variables require at least '/std:c++17'
  (compiling source file 'features/esp.cpp')
  
D:\SOURCE\Dexterio\Dexterion\gui\menu.hpp(7,15): error C7525: inline variables require at least '/std:c++17'
  (compiling source file 'features/esp.cpp')
  
D:\SOURCE\Dexterio\Dexterion\gui\menu.hpp(9,13): error C7525: inline variables require at least '/std:c++17'
  (compiling source file 'features/esp.cpp')
  
D:\SOURCE\Dexterio\Dexterion\gui\menu.hpp(11,15): error C7525: inline variables require at least '/std:c++17'
  (compiling source file 'features/esp.cpp')
  
D:\SOURCE\Dexterio\Dexterion\gui\menu.hpp(12,15): error C7525: inline variables require at least '/std:c++17'
  (compiling source file 'features/esp.cpp')
  
D:\SOURCE\Dexterio\Dexterion\gui\menu.hpp(13,15): error C7525: inline variables require at least '/std:c++17'
  (compiling source file 'features/esp.cpp')
  
D:\SOURCE\Dexterio\Dexterion\gui\menu.hpp(14,15): error C7525: inline variables require at least '/std:c++17'
  (compiling source file 'features/esp.cpp')
  
D:\SOURCE\Dexterio\Dexterion\gui\menu.hpp(15,15): error C7525: inline variables require at least '/std:c++17'
  (compiling source file 'features/esp.cpp')
  
D:\SOURCE\Dexterio\Dexterion\gui\menu.hpp(17,17): error C7525: inline variables require at least '/std:c++17'
  (compiling source file 'features/esp.cpp')
  
D:\SOURCE\Dexterio\Dexterion\gui\menu.hpp(18,17): error C7525: inline variables require at least '/std:c++17'
  (compiling source file 'features/esp.cpp')
  
D:\SOURCE\Dexterio\Dexterion\gui\menu.hpp(19,17): error C7525: inline variables require at least '/std:c++17'
  (compiling source file 'features/esp.cpp')
  
D:\SOURCE\Dexterio\Dexterion\gui\menu.hpp(20,17): error C7525: inline variables require at least '/std:c++17'
  (compiling source file 'features/esp.cpp')
  
D:\SOURCE\Dexterio\Dexterion\gui\menu.hpp(21,17): error C7525: inline variables require at least '/std:c++17'
  (compiling source file 'features/esp.cpp')
  
D:\SOURCE\Dexterio\Dexterion\gui\menu.hpp(22,17): error C7525: inline variables require at least '/std:c++17'
  (compiling source file 'features/esp.cpp')
  
C:\Program Files\Microsoft Visual Studio\2022\Community\VC\Tools\MSVC\14.44.35207\include\numbers(11): warning STL4038: The contents of <numbers> are available only with C++20 or later.
D:\SOURCE\Dexterio\Dexterion\util\Vectors.h(56,54): error C3083: 'numbers': the symbol to the left of a '::' must be a type
  (compiling source file 'features/esp.cpp')
  
D:\SOURCE\Dexterio\Dexterion\util\Vectors.h(56,63): error C2039: 'pi_v': is not a member of 'std'
  (compiling source file 'features/esp.cpp')
      C:\Program Files\Microsoft Visual Studio\2022\Community\VC\Tools\MSVC\14.44.35207\include\sstream(19,1):
      see declaration of 'std'
  
D:\SOURCE\Dexterio\Dexterion\util\Vectors.h(56,63): error C2065: 'pi_v': undeclared identifier
  (compiling source file 'features/esp.cpp')
  
D:\SOURCE\Dexterio\Dexterion\util\Vectors.h(56,68): error C2062: type 'float' unexpected
  (compiling source file 'features/esp.cpp')
  
D:\SOURCE\Dexterio\Dexterion\util\Vectors.h(57,38): error C3083: 'numbers': the symbol to the left of a '::' must be a type
  (compiling source file 'features/esp.cpp')
  
D:\SOURCE\Dexterio\Dexterion\util\Vectors.h(57,47): error C2039: 'pi_v': is not a member of 'std'
  (compiling source file 'features/esp.cpp')
      C:\Program Files\Microsoft Visual Studio\2022\Community\VC\Tools\MSVC\14.44.35207\include\sstream(19,1):
      see declaration of 'std'
  
D:\SOURCE\Dexterio\Dexterion\util\Vectors.h(53,27): error C3615: constexpr function 'Vector3::ToAngle' cannot result in a constant expression
  (compiling source file 'features/esp.cpp')
      D:\SOURCE\Dexterio\Dexterion\util\Vectors.h(53,27):
      failure was caused by control reaching the end of a constexpr function
  
D:\SOURCE\Dexterio\Dexterion\util\Vectors.h(60,2): error C2059: syntax error: '}'
  (compiling source file 'features/esp.cpp')
  
D:\SOURCE\Dexterio\Dexterion\util\Vectors.h(60,2): error C2143: syntax error: missing ';' before '}'
  (compiling source file 'features/esp.cpp')
  
D:\SOURCE\Dexterio\Dexterion\util\utilFunctions.hpp(15,10): error C1083: Cannot open include file: 'tesseract/baseapi.h': No such file or directory
  (compiling source file 'features/esp.cpp')
  
  misc.cpp
C:\Program Files\Microsoft Visual Studio\2022\Community\VC\Tools\MSVC\14.44.35207\include\numbers(11): warning STL4038: The contents of <numbers> are available only with C++20 or later.
D:\SOURCE\Dexterio\Dexterion\util\Vectors.h(56,54): error C3083: 'numbers': the symbol to the left of a '::' must be a type
  (compiling source file 'features/misc.cpp')
  
D:\SOURCE\Dexterio\Dexterion\util\Vectors.h(56,63): error C2039: 'pi_v': is not a member of 'std'
  (compiling source file 'features/misc.cpp')
      C:\Program Files\Microsoft Visual Studio\2022\Community\VC\Tools\MSVC\14.44.35207\include\cmath(915,1):
      see declaration of 'std'
  
D:\SOURCE\Dexterio\Dexterion\util\Vectors.h(56,63): error C2065: 'pi_v': undeclared identifier
  (compiling source file 'features/misc.cpp')
  
D:\SOURCE\Dexterio\Dexterion\util\Vectors.h(56,68): error C2062: type 'float' unexpected
  (compiling source file 'features/misc.cpp')
  
D:\SOURCE\Dexterio\Dexterion\util\Vectors.h(57,38): error C3083: 'numbers': the symbol to the left of a '::' must be a type
  (compiling source file 'features/misc.cpp')
  
D:\SOURCE\Dexterio\Dexterion\util\Vectors.h(57,47): error C2039: 'pi_v': is not a member of 'std'
  (compiling source file 'features/misc.cpp')
      C:\Program Files\Microsoft Visual Studio\2022\Community\VC\Tools\MSVC\14.44.35207\include\cmath(915,1):
      see declaration of 'std'
  
D:\SOURCE\Dexterio\Dexterion\util\Vectors.h(53,27): error C3615: constexpr function 'Vector3::ToAngle' cannot result in a constant expression
  (compiling source file 'features/misc.cpp')
      D:\SOURCE\Dexterio\Dexterion\util\Vectors.h(53,27):
      failure was caused by control reaching the end of a constexpr function
  
D:\SOURCE\Dexterio\Dexterion\util\Vectors.h(60,2): error C2059: syntax error: '}'
  (compiling source file 'features/misc.cpp')
  
D:\SOURCE\Dexterio\Dexterion\util\Vectors.h(60,2): error C2143: syntax error: missing ';' before '}'
  (compiling source file 'features/misc.cpp')
  
D:\SOURCE\Dexterio\Dexterion\util\MemMan.hpp(109,21): error C2664: 'int _wcsicmp(const wchar_t *,const wchar_t *)': cannot convert argument 2 from 'const char *' to 'const wchar_t *'
  (compiling source file 'features/misc.cpp')
      D:\SOURCE\Dexterio\Dexterion\util\MemMan.hpp(109,54):
      Types pointed to are unrelated; conversion requires reinterpret_cast, C-style cast or parenthesized function-style cast
      C:\Program Files (x86)\Windows Kits\10\Include\10.0.26100.0\ucrt\corecrt_wstring.h(304,37):
      see declaration of '_wcsicmp'
      D:\SOURCE\Dexterio\Dexterion\util\MemMan.hpp(109,21):
      while trying to match the argument list '(WCHAR [256], const char *)'
  
D:\SOURCE\Dexterio\Dexterion\util\utilFunctions.hpp(15,10): error C1083: Cannot open include file: 'tesseract/baseapi.h': No such file or directory
  (compiling source file 'features/misc.cpp')
  
  timeddraw.cpp
  menu.cpp
D:\SOURCE\Dexterio\Dexterion\gui\menu.hpp(6,15): error C7525: inline variables require at least '/std:c++17'
  (compiling source file 'gui/menu.cpp')
  
D:\SOURCE\Dexterio\Dexterion\gui\menu.hpp(7,15): error C7525: inline variables require at least '/std:c++17'
  (compiling source file 'gui/menu.cpp')
  
D:\SOURCE\Dexterio\Dexterion\gui\menu.hpp(9,13): error C7525: inline variables require at least '/std:c++17'
  (compiling source file 'gui/menu.cpp')
  
D:\SOURCE\Dexterio\Dexterion\gui\menu.hpp(11,15): error C7525: inline variables require at least '/std:c++17'
  (compiling source file 'gui/menu.cpp')
  
D:\SOURCE\Dexterio\Dexterion\gui\menu.hpp(12,15): error C7525: inline variables require at least '/std:c++17'
  (compiling source file 'gui/menu.cpp')
  
D:\SOURCE\Dexterio\Dexterion\gui\menu.hpp(13,15): error C7525: inline variables require at least '/std:c++17'
  (compiling source file 'gui/menu.cpp')
  
D:\SOURCE\Dexterio\Dexterion\gui\menu.hpp(14,15): error C7525: inline variables require at least '/std:c++17'
  (compiling source file 'gui/menu.cpp')
  
D:\SOURCE\Dexterio\Dexterion\gui\menu.hpp(15,15): error C7525: inline variables require at least '/std:c++17'
  (compiling source file 'gui/menu.cpp')
  
D:\SOURCE\Dexterio\Dexterion\gui\menu.hpp(17,17): error C7525: inline variables require at least '/std:c++17'
  (compiling source file 'gui/menu.cpp')
  
D:\SOURCE\Dexterio\Dexterion\gui\menu.hpp(18,17): error C7525: inline variables require at least '/std:c++17'
  (compiling source file 'gui/menu.cpp')
  
D:\SOURCE\Dexterio\Dexterion\gui\menu.hpp(19,17): error C7525: inline variables require at least '/std:c++17'
  (compiling source file 'gui/menu.cpp')
  
D:\SOURCE\Dexterio\Dexterion\gui\menu.hpp(20,17): error C7525: inline variables require at least '/std:c++17'
  (compiling source file 'gui/menu.cpp')
  
D:\SOURCE\Dexterio\Dexterion\gui\menu.hpp(21,17): error C7525: inline variables require at least '/std:c++17'
  (compiling source file 'gui/menu.cpp')
  
D:\SOURCE\Dexterio\Dexterion\gui\menu.hpp(22,17): error C7525: inline variables require at least '/std:c++17'
  (compiling source file 'gui/menu.cpp')
  
C:\Program Files\Microsoft Visual Studio\2022\Community\VC\Tools\MSVC\14.44.35207\include\format(42): warning STL4038: The contents of <format> are available only with C++20 or later.
D:\SOURCE\Dexterio\Dexterion\util\MemMan.hpp(109,21): error C2664: 'int _wcsicmp(const wchar_t *,const wchar_t *)': cannot convert argument 2 from 'const char *' to 'const wchar_t *'
  (compiling source file 'gui/menu.cpp')
      D:\SOURCE\Dexterio\Dexterion\util\MemMan.hpp(109,54):
      Types pointed to are unrelated; conversion requires reinterpret_cast, C-style cast or parenthesized function-style cast
      C:\Program Files (x86)\Windows Kits\10\Include\10.0.26100.0\ucrt\corecrt_wstring.h(304,37):
      see declaration of '_wcsicmp'
      D:\SOURCE\Dexterio\Dexterion\util\MemMan.hpp(109,21):
      while trying to match the argument list '(WCHAR [256], const char *)'
  
C:\Program Files\Microsoft Visual Studio\2022\Community\VC\Tools\MSVC\14.44.35207\include\numbers(11): warning STL4038: The contents of <numbers> are available only with C++20 or later.
D:\SOURCE\Dexterio\Dexterion\util\Vectors.h(56,54): error C3083: 'numbers': the symbol to the left of a '::' must be a type
  (compiling source file 'gui/menu.cpp')
  
D:\SOURCE\Dexterio\Dexterion\util\Vectors.h(56,63): error C2039: 'pi_v': is not a member of 'std'
  (compiling source file 'gui/menu.cpp')
      C:\Program Files\Microsoft Visual Studio\2022\Community\VC\Tools\MSVC\14.44.35207\include\sstream(19,1):
      see declaration of 'std'
  
D:\SOURCE\Dexterio\Dexterion\util\Vectors.h(56,63): error C2065: 'pi_v': undeclared identifier
  (compiling source file 'gui/menu.cpp')
  
D:\SOURCE\Dexterio\Dexterion\util\Vectors.h(56,68): error C2062: type 'float' unexpected
  (compiling source file 'gui/menu.cpp')
  
D:\SOURCE\Dexterio\Dexterion\util\Vectors.h(57,38): error C3083: 'numbers': the symbol to the left of a '::' must be a type
  (compiling source file 'gui/menu.cpp')
  
D:\SOURCE\Dexterio\Dexterion\util\Vectors.h(57,47): error C2039: 'pi_v': is not a member of 'std'
  (compiling source file 'gui/menu.cpp')
      C:\Program Files\Microsoft Visual Studio\2022\Community\VC\Tools\MSVC\14.44.35207\include\sstream(19,1):
      see declaration of 'std'
  
D:\SOURCE\Dexterio\Dexterion\util\Vectors.h(53,27): error C3615: constexpr function 'Vector3::ToAngle' cannot result in a constant expression
  (compiling source file 'gui/menu.cpp')
      D:\SOURCE\Dexterio\Dexterion\util\Vectors.h(53,27):
      failure was caused by control reaching the end of a constexpr function
  
D:\SOURCE\Dexterio\Dexterion\util\Vectors.h(60,2): error C2059: syntax error: '}'
  (compiling source file 'gui/menu.cpp')
  
D:\SOURCE\Dexterio\Dexterion\util\Vectors.h(60,2): error C2143: syntax error: missing ';' before '}'
  (compiling source file 'gui/menu.cpp')
  
D:\SOURCE\Dexterio\Dexterion\util\utilFunctions.hpp(15,10): error C1083: Cannot open include file: 'tesseract/baseapi.h': No such file or directory
  (compiling source file 'gui/menu.cpp')
  
  overlay.cpp
D:\SOURCE\Dexterio\Dexterion\util\MemMan.hpp(109,21): error C2664: 'int _wcsicmp(const wchar_t *,const wchar_t *)': cannot convert argument 2 from 'const char *' to 'const wchar_t *'
  (compiling source file 'gui/overlay.cpp')
      D:\SOURCE\Dexterio\Dexterion\util\MemMan.hpp(109,54):
      Types pointed to are unrelated; conversion requires reinterpret_cast, C-style cast or parenthesized function-style cast
      C:\Program Files (x86)\Windows Kits\10\Include\10.0.26100.0\ucrt\corecrt_wstring.h(304,37):
      see declaration of '_wcsicmp'
      D:\SOURCE\Dexterio\Dexterion\util\MemMan.hpp(109,21):
      while trying to match the argument list '(WCHAR [256], const char *)'
  
D:\SOURCE\Dexterio\Dexterion\gui\menu.hpp(6,15): error C7525: inline variables require at least '/std:c++17'
  (compiling source file 'gui/overlay.cpp')
  
D:\SOURCE\Dexterio\Dexterion\gui\menu.hpp(7,15): error C7525: inline variables require at least '/std:c++17'
  (compiling source file 'gui/overlay.cpp')
  
D:\SOURCE\Dexterio\Dexterion\gui\menu.hpp(9,13): error C7525: inline variables require at least '/std:c++17'
  (compiling source file 'gui/overlay.cpp')
  
D:\SOURCE\Dexterio\Dexterion\gui\menu.hpp(11,15): error C7525: inline variables require at least '/std:c++17'
  (compiling source file 'gui/overlay.cpp')
  
D:\SOURCE\Dexterio\Dexterion\gui\menu.hpp(12,15): error C7525: inline variables require at least '/std:c++17'
  (compiling source file 'gui/overlay.cpp')
  
D:\SOURCE\Dexterio\Dexterion\gui\menu.hpp(13,15): error C7525: inline variables require at least '/std:c++17'
  (compiling source file 'gui/overlay.cpp')
  
D:\SOURCE\Dexterio\Dexterion\gui\menu.hpp(14,15): error C7525: inline variables require at least '/std:c++17'
  (compiling source file 'gui/overlay.cpp')
  
D:\SOURCE\Dexterio\Dexterion\gui\menu.hpp(15,15): error C7525: inline variables require at least '/std:c++17'
  (compiling source file 'gui/overlay.cpp')
  
D:\SOURCE\Dexterio\Dexterion\gui\menu.hpp(17,17): error C7525: inline variables require at least '/std:c++17'
  (compiling source file 'gui/overlay.cpp')
  
D:\SOURCE\Dexterio\Dexterion\gui\menu.hpp(18,17): error C7525: inline variables require at least '/std:c++17'
  (compiling source file 'gui/overlay.cpp')
  
D:\SOURCE\Dexterio\Dexterion\gui\menu.hpp(19,17): error C7525: inline variables require at least '/std:c++17'
  (compiling source file 'gui/overlay.cpp')
  
D:\SOURCE\Dexterio\Dexterion\gui\menu.hpp(20,17): error C7525: inline variables require at least '/std:c++17'
  (compiling source file 'gui/overlay.cpp')
  
D:\SOURCE\Dexterio\Dexterion\gui\menu.hpp(21,17): error C7525: inline variables require at least '/std:c++17'
  (compiling source file 'gui/overlay.cpp')
  
D:\SOURCE\Dexterio\Dexterion\gui\menu.hpp(22,17): error C7525: inline variables require at least '/std:c++17'
  (compiling source file 'gui/overlay.cpp')
  
D:\SOURCE\Dexterio\Dexterion\gui\overlay.cpp(3,10): warning C4067: unexpected tokens following preprocessor directive - expected a newline
C:\Program Files\Microsoft Visual Studio\2022\Community\VC\Tools\MSVC\14.44.35207\include\numbers(11): warning STL4038: The contents of <numbers> are available only with C++20 or later.
D:\SOURCE\Dexterio\Dexterion\util\Vectors.h(56,54): error C3083: 'numbers': the symbol to the left of a '::' must be a type
  (compiling source file 'gui/overlay.cpp')
  
D:\SOURCE\Dexterio\Dexterion\util\Vectors.h(56,63): error C2039: 'pi_v': is not a member of 'std'
  (compiling source file 'gui/overlay.cpp')
      C:\Program Files\Microsoft Visual Studio\2022\Community\VC\Tools\MSVC\14.44.35207\include\thread(37,1):
      see declaration of 'std'
  
D:\SOURCE\Dexterio\Dexterion\util\Vectors.h(56,63): error C2065: 'pi_v': undeclared identifier
  (compiling source file 'gui/overlay.cpp')
  
D:\SOURCE\Dexterio\Dexterion\util\Vectors.h(56,68): error C2062: type 'float' unexpected
  (compiling source file 'gui/overlay.cpp')
  
D:\SOURCE\Dexterio\Dexterion\util\Vectors.h(57,38): error C3083: 'numbers': the symbol to the left of a '::' must be a type
  (compiling source file 'gui/overlay.cpp')
  
D:\SOURCE\Dexterio\Dexterion\util\Vectors.h(57,47): error C2039: 'pi_v': is not a member of 'std'
  (compiling source file 'gui/overlay.cpp')
      C:\Program Files\Microsoft Visual Studio\2022\Community\VC\Tools\MSVC\14.44.35207\include\thread(37,1):
      see declaration of 'std'
  
D:\SOURCE\Dexterio\Dexterion\util\Vectors.h(53,27): error C3615: constexpr function 'Vector3::ToAngle' cannot result in a constant expression
  (compiling source file 'gui/overlay.cpp')
      D:\SOURCE\Dexterio\Dexterion\util\Vectors.h(53,27):
      failure was caused by control reaching the end of a constexpr function
  
D:\SOURCE\Dexterio\Dexterion\util\Vectors.h(60,2): error C2059: syntax error: '}'
  (compiling source file 'gui/overlay.cpp')
  
D:\SOURCE\Dexterio\Dexterion\util\Vectors.h(60,2): error C2143: syntax error: missing ';' before '}'
  (compiling source file 'gui/overlay.cpp')
  
D:\SOURCE\Dexterio\Dexterion\util\utilFunctions.hpp(15,10): error C1083: Cannot open include file: 'tesseract/baseapi.h': No such file or directory
  (compiling source file 'gui/overlay.cpp')
  
  imgui.cpp
  imgui_demo.cpp
  imgui_draw.cpp
  imgui_impl_dx11.cpp
  imgui_impl_win32.cpp
  imgui_tables.cpp
  imgui_widgets.cpp
  jsonOps.cpp
C:\Program Files\Microsoft Visual Studio\2022\Community\VC\Tools\MSVC\14.44.35207\include\numbers(11): warning STL4038: The contents of <numbers> are available only with C++20 or later.
D:\SOURCE\Dexterio\Dexterion\util\Vectors.h(56,54): error C3083: 'numbers': the symbol to the left of a '::' must be a type
  (compiling source file 'json/jsonOps.cpp')
  
D:\SOURCE\Dexterio\Dexterion\util\Vectors.h(56,63): error C2039: 'pi_v': is not a member of 'std'
  (compiling source file 'json/jsonOps.cpp')
      C:\Program Files\Microsoft Visual Studio\2022\Community\VC\Tools\MSVC\14.44.35207\include\iostream(19,1):
      see declaration of 'std'
  
D:\SOURCE\Dexterio\Dexterion\util\Vectors.h(56,63): error C2065: 'pi_v': undeclared identifier
  (compiling source file 'json/jsonOps.cpp')
  
D:\SOURCE\Dexterio\Dexterion\util\Vectors.h(56,68): error C2062: type 'float' unexpected
  (compiling source file 'json/jsonOps.cpp')
  
D:\SOURCE\Dexterio\Dexterion\util\Vectors.h(57,38): error C3083: 'numbers': the symbol to the left of a '::' must be a type
  (compiling source file 'json/jsonOps.cpp')
  
D:\SOURCE\Dexterio\Dexterion\util\Vectors.h(57,47): error C2039: 'pi_v': is not a member of 'std'
  (compiling source file 'json/jsonOps.cpp')
      C:\Program Files\Microsoft Visual Studio\2022\Community\VC\Tools\MSVC\14.44.35207\include\iostream(19,1):
      see declaration of 'std'
  
D:\SOURCE\Dexterio\Dexterion\util\Vectors.h(53,27): error C3615: constexpr function 'Vector3::ToAngle' cannot result in a constant expression
  (compiling source file 'json/jsonOps.cpp')
      D:\SOURCE\Dexterio\Dexterion\util\Vectors.h(53,27):
      failure was caused by control reaching the end of a constexpr function
  
D:\SOURCE\Dexterio\Dexterion\util\Vectors.h(60,2): error C2059: syntax error: '}'
  (compiling source file 'json/jsonOps.cpp')
  
D:\SOURCE\Dexterio\Dexterion\util\Vectors.h(60,2): error C2143: syntax error: missing ';' before '}'
  (compiling source file 'json/jsonOps.cpp')
  
D:\SOURCE\Dexterio\Dexterion\util\utilFunctions.hpp(15,10): error C1083: Cannot open include file: 'tesseract/baseapi.h': No such file or directory
  (compiling source file 'json/jsonOps.cpp')
  
  dexterion.cpp
C:\Program Files\Microsoft Visual Studio\2022\Community\VC\Tools\MSVC\14.44.35207\include\format(42): warning STL4038: The contents of <format> are available only with C++20 or later.
C:\Program Files\Microsoft Visual Studio\2022\Community\VC\Tools\MSVC\14.44.35207\include\numbers(11): warning STL4038: The contents of <numbers> are available only with C++20 or later.
D:\SOURCE\Dexterio\Dexterion\util\Vectors.h(56,54): error C3083: 'numbers': the symbol to the left of a '::' must be a type
  (compiling source file 'dexterion.cpp')
  
D:\SOURCE\Dexterio\Dexterion\util\Vectors.h(56,63): error C2039: 'pi_v': is not a member of 'std'
  (compiling source file 'dexterion.cpp')
      C:\Program Files\Microsoft Visual Studio\2022\Community\VC\Tools\MSVC\14.44.35207\include\iostream(19,1):
      see declaration of 'std'
  
D:\SOURCE\Dexterio\Dexterion\util\Vectors.h(56,63): error C2065: 'pi_v': undeclared identifier
  (compiling source file 'dexterion.cpp')
  
D:\SOURCE\Dexterio\Dexterion\util\Vectors.h(56,68): error C2062: type 'float' unexpected
  (compiling source file 'dexterion.cpp')
  
D:\SOURCE\Dexterio\Dexterion\util\Vectors.h(57,38): error C3083: 'numbers': the symbol to the left of a '::' must be a type
  (compiling source file 'dexterion.cpp')
  
D:\SOURCE\Dexterio\Dexterion\util\Vectors.h(57,47): error C2039: 'pi_v': is not a member of 'std'
  (compiling source file 'dexterion.cpp')
      C:\Program Files\Microsoft Visual Studio\2022\Community\VC\Tools\MSVC\14.44.35207\include\iostream(19,1):
      see declaration of 'std'
  
D:\SOURCE\Dexterio\Dexterion\util\Vectors.h(53,27): error C3615: constexpr function 'Vector3::ToAngle' cannot result in a constant expression
  (compiling source file 'dexterion.cpp')
      D:\SOURCE\Dexterio\Dexterion\util\Vectors.h(53,27):
      failure was caused by control reaching the end of a constexpr function
  
D:\SOURCE\Dexterio\Dexterion\util\Vectors.h(60,2): error C2059: syntax error: '}'
  (compiling source file 'dexterion.cpp')
  
D:\SOURCE\Dexterio\Dexterion\util\Vectors.h(60,2): error C2143: syntax error: missing ';' before '}'
  (compiling source file 'dexterion.cpp')
  
D:\SOURCE\Dexterio\Dexterion\util\utilFunctions.hpp(15,10): error C1083: Cannot open include file: 'tesseract/baseapi.h': No such file or directory
  (compiling source file 'dexterion.cpp')
  
  attributes.cpp
C:\Program Files\Microsoft Visual Studio\2022\Community\VC\Tools\MSVC\14.44.35207\include\numbers(11): warning STL4038: The contents of <numbers> are available only with C++20 or later.
D:\SOURCE\Dexterio\Dexterion\util\Vectors.h(56,54): error C3083: 'numbers': the symbol to the left of a '::' must be a type
  (compiling source file 'util/attributes.cpp')
  
D:\SOURCE\Dexterio\Dexterion\util\Vectors.h(56,63): error C2039: 'pi_v': is not a member of 'std'
  (compiling source file 'util/attributes.cpp')
      C:\Program Files\Microsoft Visual Studio\2022\Community\VC\Tools\MSVC\14.44.35207\include\cmath(915,1):
      see declaration of 'std'
  
D:\SOURCE\Dexterio\Dexterion\util\Vectors.h(56,63): error C2065: 'pi_v': undeclared identifier
  (compiling source file 'util/attributes.cpp')
  
D:\SOURCE\Dexterio\Dexterion\util\Vectors.h(56,68): error C2062: type 'float' unexpected
  (compiling source file 'util/attributes.cpp')
  
D:\SOURCE\Dexterio\Dexterion\util\Vectors.h(57,38): error C3083: 'numbers': the symbol to the left of a '::' must be a type
  (compiling source file 'util/attributes.cpp')
  
D:\SOURCE\Dexterio\Dexterion\util\Vectors.h(57,47): error C2039: 'pi_v': is not a member of 'std'
  (compiling source file 'util/attributes.cpp')
      C:\Program Files\Microsoft Visual Studio\2022\Community\VC\Tools\MSVC\14.44.35207\include\cmath(915,1):
      see declaration of 'std'
  
D:\SOURCE\Dexterio\Dexterion\util\Vectors.h(53,27): error C3615: constexpr function 'Vector3::ToAngle' cannot result in a constant expression
  (compiling source file 'util/attributes.cpp')
      D:\SOURCE\Dexterio\Dexterion\util\Vectors.h(53,27):
      failure was caused by control reaching the end of a constexpr function
  
D:\SOURCE\Dexterio\Dexterion\util\Vectors.h(60,2): error C2059: syntax error: '}'
  (compiling source file 'util/attributes.cpp')
  
D:\SOURCE\Dexterio\Dexterion\util\Vectors.h(60,2): error C2143: syntax error: missing ';' before '}'
  (compiling source file 'util/attributes.cpp')
  
D:\SOURCE\Dexterio\Dexterion\util\MemMan.hpp(109,21): error C2664: 'int _wcsicmp(const wchar_t *,const wchar_t *)': cannot convert argument 2 from 'const char *' to 'const wchar_t *'
  (compiling source file 'util/attributes.cpp')
      D:\SOURCE\Dexterio\Dexterion\util\MemMan.hpp(109,54):
      Types pointed to are unrelated; conversion requires reinterpret_cast, C-style cast or parenthesized function-style cast
      C:\Program Files (x86)\Windows Kits\10\Include\10.0.26100.0\ucrt\corecrt_wstring.h(304,37):
      see declaration of '_wcsicmp'
      D:\SOURCE\Dexterio\Dexterion\util\MemMan.hpp(109,21):
      while trying to match the argument list '(WCHAR [256], const char *)'
  
D:\SOURCE\Dexterio\Dexterion\util\utilFunctions.hpp(15,10): error C1083: Cannot open include file: 'tesseract/baseapi.h': No such file or directory
  (compiling source file 'util/attributes.cpp')
  
  config.cpp
C:\Program Files\Microsoft Visual Studio\2022\Community\VC\Tools\MSVC\14.44.35207\include\numbers(11): warning STL4038: The contents of <numbers> are available only with C++20 or later.
D:\SOURCE\Dexterio\Dexterion\util\Vectors.h(56,54): error C3083: 'numbers': the symbol to the left of a '::' must be a type
  (compiling source file 'util/config.cpp')
  
D:\SOURCE\Dexterio\Dexterion\util\Vectors.h(56,63): error C2039: 'pi_v': is not a member of 'std'
  (compiling source file 'util/config.cpp')
      C:\Program Files\Microsoft Visual Studio\2022\Community\VC\Tools\MSVC\14.44.35207\include\iostream(19,1):
      see declaration of 'std'
  
D:\SOURCE\Dexterio\Dexterion\util\Vectors.h(56,63): error C2065: 'pi_v': undeclared identifier
  (compiling source file 'util/config.cpp')
  
D:\SOURCE\Dexterio\Dexterion\util\Vectors.h(56,68): error C2062: type 'float' unexpected
  (compiling source file 'util/config.cpp')
  
D:\SOURCE\Dexterio\Dexterion\util\Vectors.h(57,38): error C3083: 'numbers': the symbol to the left of a '::' must be a type
  (compiling source file 'util/config.cpp')
  
D:\SOURCE\Dexterio\Dexterion\util\Vectors.h(57,47): error C2039: 'pi_v': is not a member of 'std'
  (compiling source file 'util/config.cpp')
      C:\Program Files\Microsoft Visual Studio\2022\Community\VC\Tools\MSVC\14.44.35207\include\iostream(19,1):
      see declaration of 'std'
  
D:\SOURCE\Dexterio\Dexterion\util\Vectors.h(53,27): error C3615: constexpr function 'Vector3::ToAngle' cannot result in a constant expression
  (compiling source file 'util/config.cpp')
      D:\SOURCE\Dexterio\Dexterion\util\Vectors.h(53,27):
      failure was caused by control reaching the end of a constexpr function
  
D:\SOURCE\Dexterio\Dexterion\util\Vectors.h(60,2): error C2059: syntax error: '}'
  (compiling source file 'util/config.cpp')
  
D:\SOURCE\Dexterio\Dexterion\util\Vectors.h(60,2): error C2143: syntax error: missing ';' before '}'
  (compiling source file 'util/config.cpp')
  
D:\SOURCE\Dexterio\Dexterion\util\utilFunctions.hpp(15,10): error C1083: Cannot open include file: 'tesseract/baseapi.h': No such file or directory
  (compiling source file 'util/config.cpp')
  
